2026-03-10 14:08:40 | INFO | CI | === RUN START ===
2026-03-10 14:08:40 | INFO | CI | project=NLP
2026-03-10 14:08:40 | INFO | CI | repo_dir=nlp-01-getting-started
2026-03-10 14:08:40 | INFO | CI | python=3.14.3
2026-03-10 14:08:40 | INFO | CI | os=Windows 11
2026-03-10 14:08:40 | INFO | CI | shell=powershell
2026-03-10 14:08:40 | INFO | CI | cwd=.
2026-03-10 14:08:40 | INFO | CI | github_actions=False
2026-03-10 14:08:40 | INFO | CI | START script.....
2026-03-10 14:08:40 | INFO | CI | ROOT_PATH = .
2026-03-10 14:08:40 | INFO | CI | NOTEBOOKS_PATH = notebooks
2026-03-10 14:08:40 | INFO | CI | SCRIPTS_PATH = scripts
2026-03-10 14:10:24 | INFO | CI | ========================
2026-03-10 14:10:24 | INFO | CI | Pipeline executed successfully!
2026-03-10 14:10:24 | INFO | CI | ========================
2026-03-10 14:10:24 | INFO | CI | END main()
2026-03-11 09:56:11 | INFO | CI | === RUN START ===
2026-03-11 09:56:11 | INFO | CI | project=NLP
2026-03-11 09:56:11 | INFO | CI | repo_dir=nlp-01-getting-started
2026-03-11 09:56:11 | INFO | CI | python=3.14.3
2026-03-11 09:56:11 | INFO | CI | os=Windows 11
2026-03-11 09:56:11 | INFO | CI | shell=powershell
2026-03-11 09:56:11 | INFO | CI | cwd=.
2026-03-11 09:56:11 | INFO | CI | github_actions=False
2026-03-11 09:56:11 | INFO | CI | START script.....
2026-03-11 09:56:11 | INFO | CI | ROOT_PATH = .
2026-03-11 09:56:11 | INFO | CI | NOTEBOOKS_PATH = notebooks
2026-03-11 09:56:11 | INFO | CI | SCRIPTS_PATH = scripts
2026-03-11 09:56:17 | INFO | CI | ========================
2026-03-11 09:56:17 | INFO | CI | Pipeline executed successfully!
2026-03-11 09:56:17 | INFO | CI | ========================
2026-03-11 09:56:17 | INFO | CI | END main()
2026-03-11 10:15:07 | INFO | CI | === RUN START ===
2026-03-11 10:15:07 | INFO | CI | project=NLP
2026-03-11 10:15:07 | INFO | CI | repo_dir=nlp-01-getting-started
2026-03-11 10:15:07 | INFO | CI | python=3.14.3
2026-03-11 10:15:07 | INFO | CI | os=Windows 11
2026-03-11 10:15:07 | INFO | CI | shell=powershell
2026-03-11 10:15:07 | INFO | CI | cwd=.
2026-03-11 10:15:07 | INFO | CI | github_actions=False
2026-03-11 10:15:07 | INFO | CI | START script.....
2026-03-11 10:15:07 | INFO | CI | ROOT_PATH = .
2026-03-11 10:15:07 | INFO | CI | NOTEBOOKS_PATH = notebooks
2026-03-11 10:15:07 | INFO | CI | SCRIPTS_PATH = scripts
2026-03-11 10:15:13 | INFO | CI | ========================
2026-03-11 10:15:13 | INFO | CI | Pipeline executed successfully!
2026-03-11 10:15:13 | INFO | CI | ========================
2026-03-11 10:15:13 | INFO | CI | END main()
2026-03-11 10:37:09 | INFO | CI | === RUN START ===
2026-03-11 10:37:09 | INFO | CI | project=NLP
2026-03-11 10:37:09 | INFO | CI | repo_dir=nlp-01-getting-started
2026-03-11 10:37:09 | INFO | CI | python=3.14.3
2026-03-11 10:37:09 | INFO | CI | os=Windows 11
2026-03-11 10:37:09 | INFO | CI | shell=powershell
2026-03-11 10:37:09 | INFO | CI | cwd=.
2026-03-11 10:37:09 | INFO | CI | github_actions=False
2026-03-11 10:37:09 | INFO | CI | START script.....
2026-03-11 10:37:09 | INFO | CI | ROOT_PATH = .
2026-03-11 10:37:09 | INFO | CI | NOTEBOOKS_PATH = notebooks
2026-03-11 10:37:09 | INFO | CI | SCRIPTS_PATH = scripts
2026-03-11 10:37:16 | INFO | CI | ========================
2026-03-11 10:37:16 | INFO | CI | Pipeline executed successfully!
2026-03-11 10:37:16 | INFO | CI | ========================
2026-03-11 10:37:16 | INFO | CI | END main()
2026-03-12 08:46:23 | INFO | CI | === RUN START ===
2026-03-12 08:46:23 | INFO | CI | project=NLP
2026-03-12 08:46:23 | INFO | CI | repo_dir=nlp-01-getting-started
2026-03-12 08:46:23 | INFO | CI | python=3.14.3
2026-03-12 08:46:23 | INFO | CI | os=Windows 11
2026-03-12 08:46:23 | INFO | CI | shell=powershell
2026-03-12 08:46:23 | INFO | CI | cwd=.
2026-03-12 08:46:23 | INFO | CI | github_actions=False
2026-03-12 08:46:23 | INFO | CI | START script.....
2026-03-12 08:46:23 | INFO | CI | ROOT_PATH = .
2026-03-12 08:46:23 | INFO | CI | NOTEBOOKS_PATH = notebooks
2026-03-12 08:46:23 | INFO | CI | SCRIPTS_PATH = scripts
2026-03-12 08:46:37 | INFO | CI | ========================
2026-03-12 08:46:37 | INFO | CI | Pipeline executed successfully!
2026-03-12 08:46:37 | INFO | CI | ========================
2026-03-12 08:46:37 | INFO | CI | END main()
2026-03-12 08:58:53 | INFO | CI | === RUN START ===
2026-03-12 08:58:53 | INFO | CI | project=NLP
2026-03-12 08:58:53 | INFO | CI | repo_dir=nlp-01-getting-started
2026-03-12 08:58:53 | INFO | CI | python=3.14.3
2026-03-12 08:58:53 | INFO | CI | os=Windows 11
2026-03-12 08:58:53 | INFO | CI | shell=powershell
2026-03-12 08:58:53 | INFO | CI | cwd=.
2026-03-12 08:58:53 | INFO | CI | github_actions=False
2026-03-12 08:58:53 | INFO | CI | START script.....
2026-03-12 08:58:53 | INFO | CI | ROOT_PATH = .
2026-03-12 08:58:53 | INFO | CI | NOTEBOOKS_PATH = notebooks
2026-03-12 08:58:53 | INFO | CI | SCRIPTS_PATH = scripts
2026-03-12 08:58:58 | INFO | CI | ========================
2026-03-12 08:58:58 | INFO | CI | Pipeline executed successfully!
2026-03-12 08:58:58 | INFO | CI | ========================
2026-03-12 08:58:58 | INFO | CI | END main()
2026-03-12 13:36:28 | INFO | CI | === RUN START ===
2026-03-12 13:36:28 | INFO | CI | project=NLP
2026-03-12 13:36:28 | INFO | CI | repo_dir=nlp-01-getting-started
2026-03-12 13:36:28 | INFO | CI | python=3.14.3
2026-03-12 13:36:28 | INFO | CI | os=Windows 11
2026-03-12 13:36:28 | INFO | CI | shell=powershell
2026-03-12 13:36:28 | INFO | CI | cwd=.
2026-03-12 13:36:28 | INFO | CI | github_actions=False
2026-03-12 13:36:28 | INFO | CI | START script.....
2026-03-12 13:36:28 | INFO | CI | ROOT_PATH = .
2026-03-12 13:36:28 | INFO | CI | NOTEBOOKS_PATH = notebooks
2026-03-12 13:36:28 | INFO | CI | SCRIPTS_PATH = scripts
2026-03-12 13:36:58 | INFO | CI | ========================
2026-03-12 13:36:58 | INFO | CI | Pipeline executed successfully!
2026-03-12 13:36:58 | INFO | CI | ========================
2026-03-12 13:36:58 | INFO | CI | END main()
